Archive member included because of file (symbol)

/usr/lib/gcc/avr/4.8.1/../../../avr/lib/avrxmega7/libm.a(acos.o)
                              build/hexapod.o (acos)
/usr/lib/gcc/avr/4.8.1/../../../avr/lib/avrxmega7/libm.a(addsf3.o)
                              build/hexapod.o (__subsf3)
/usr/lib/gcc/avr/4.8.1/../../../avr/lib/avrxmega7/libm.a(addsf3x.o)
                              /usr/lib/gcc/avr/4.8.1/../../../avr/lib/avrxmega7/libm.a(acos.o) (__addsf3x)
/usr/lib/gcc/avr/4.8.1/../../../avr/lib/avrxmega7/libm.a(atan2.o)
                              build/hexapod.o (atan2)
/usr/lib/gcc/avr/4.8.1/../../../avr/lib/avrxmega7/libm.a(atan.o)
                              /usr/lib/gcc/avr/4.8.1/../../../avr/lib/avrxmega7/libm.a(atan2.o) (atan)
/usr/lib/gcc/avr/4.8.1/../../../avr/lib/avrxmega7/libm.a(cmpsf2.o)
                              build/hexapod.o (__ltsf2)
/usr/lib/gcc/avr/4.8.1/../../../avr/lib/avrxmega7/libm.a(cos.o)
                              build/hexapod.o (cos)
/usr/lib/gcc/avr/4.8.1/../../../avr/lib/avrxmega7/libm.a(divsf3.o)
                              build/hexapod.o (__divsf3)
/usr/lib/gcc/avr/4.8.1/../../../avr/lib/avrxmega7/libm.a(divsf3x.o)
                              /usr/lib/gcc/avr/4.8.1/../../../avr/lib/avrxmega7/libm.a(divsf3.o) (__divsf3x)
/usr/lib/gcc/avr/4.8.1/../../../avr/lib/avrxmega7/libm.a(fixsfsi.o)
                              build/hexapod.o (__fixsfsi)
/usr/lib/gcc/avr/4.8.1/../../../avr/lib/avrxmega7/libm.a(fixunssfsi.o)
                              /usr/lib/gcc/avr/4.8.1/../../../avr/lib/avrxmega7/libm.a(fixsfsi.o) (__fixunssfsi)
/usr/lib/gcc/avr/4.8.1/../../../avr/lib/avrxmega7/libm.a(floatsisf.o)
                              build/hexapod.o (__floatsisf)
/usr/lib/gcc/avr/4.8.1/../../../avr/lib/avrxmega7/libm.a(fmax.o)
                              build/hexapod.o (fmax)
/usr/lib/gcc/avr/4.8.1/../../../avr/lib/avrxmega7/libm.a(fp_arccos.o)
                              /usr/lib/gcc/avr/4.8.1/../../../avr/lib/avrxmega7/libm.a(acos.o) (__fp_arccos)
/usr/lib/gcc/avr/4.8.1/../../../avr/lib/avrxmega7/libm.a(fp_cmp.o)
                              /usr/lib/gcc/avr/4.8.1/../../../avr/lib/avrxmega7/libm.a(cmpsf2.o) (__fp_cmp)
/usr/lib/gcc/avr/4.8.1/../../../avr/lib/avrxmega7/libm.a(fp_inf.o)
                              /usr/lib/gcc/avr/4.8.1/../../../avr/lib/avrxmega7/libm.a(addsf3x.o) (__fp_inf)
/usr/lib/gcc/avr/4.8.1/../../../avr/lib/avrxmega7/libm.a(fp_nan.o)
                              /usr/lib/gcc/avr/4.8.1/../../../avr/lib/avrxmega7/libm.a(addsf3x.o) (__fp_nan)
/usr/lib/gcc/avr/4.8.1/../../../avr/lib/avrxmega7/libm.a(fp_powser.o)
                              /usr/lib/gcc/avr/4.8.1/../../../avr/lib/avrxmega7/libm.a(atan.o) (__fp_powser)
/usr/lib/gcc/avr/4.8.1/../../../avr/lib/avrxmega7/libm.a(fp_pscA.o)
                              /usr/lib/gcc/avr/4.8.1/../../../avr/lib/avrxmega7/libm.a(addsf3x.o) (__fp_pscA)
/usr/lib/gcc/avr/4.8.1/../../../avr/lib/avrxmega7/libm.a(fp_pscB.o)
                              /usr/lib/gcc/avr/4.8.1/../../../avr/lib/avrxmega7/libm.a(addsf3x.o) (__fp_pscB)
/usr/lib/gcc/avr/4.8.1/../../../avr/lib/avrxmega7/libm.a(fp_rempio2.o)
                              /usr/lib/gcc/avr/4.8.1/../../../avr/lib/avrxmega7/libm.a(cos.o) (__fp_rempio2)
/usr/lib/gcc/avr/4.8.1/../../../avr/lib/avrxmega7/libm.a(fp_round.o)
                              /usr/lib/gcc/avr/4.8.1/../../../avr/lib/avrxmega7/libm.a(acos.o) (__fp_round)
/usr/lib/gcc/avr/4.8.1/../../../avr/lib/avrxmega7/libm.a(fp_sinus.o)
                              /usr/lib/gcc/avr/4.8.1/../../../avr/lib/avrxmega7/libm.a(cos.o) (__fp_sinus)
/usr/lib/gcc/avr/4.8.1/../../../avr/lib/avrxmega7/libm.a(fp_split3.o)
                              /usr/lib/gcc/avr/4.8.1/../../../avr/lib/avrxmega7/libm.a(addsf3x.o) (__fp_split3)
/usr/lib/gcc/avr/4.8.1/../../../avr/lib/avrxmega7/libm.a(fp_zero.o)
                              /usr/lib/gcc/avr/4.8.1/../../../avr/lib/avrxmega7/libm.a(addsf3x.o) (__fp_zero)
/usr/lib/gcc/avr/4.8.1/../../../avr/lib/avrxmega7/libm.a(gesf2.o)
                              build/hexapod.o (__gesf2)
/usr/lib/gcc/avr/4.8.1/../../../avr/lib/avrxmega7/libm.a(inverse.o)
                              /usr/lib/gcc/avr/4.8.1/../../../avr/lib/avrxmega7/libm.a(atan.o) (inverse)
/usr/lib/gcc/avr/4.8.1/../../../avr/lib/avrxmega7/libm.a(mulsf3.o)
                              build/hexapod.o (__mulsf3)
/usr/lib/gcc/avr/4.8.1/../../../avr/lib/avrxmega7/libm.a(mulsf3x.o)
                              /usr/lib/gcc/avr/4.8.1/../../../avr/lib/avrxmega7/libm.a(atan.o) (__mulsf3x)
/usr/lib/gcc/avr/4.8.1/../../../avr/lib/avrxmega7/libm.a(sin.o)
                              build/hexapod.o (sin)
/usr/lib/gcc/avr/4.8.1/../../../avr/lib/avrxmega7/libm.a(sqrt.o)
                              build/hexapod.o (sqrt)
/usr/lib/gcc/avr/4.8.1/../../../avr/lib/avrxmega7/libm.a(square.o)
                              /usr/lib/gcc/avr/4.8.1/../../../avr/lib/avrxmega7/libm.a(atan.o) (square)
[...]
Memory Configuration

Name             Origin             Length             Attributes
text             0x0000000000000000 0x0000000000100000 xr
data             0x0000000000802000 0x000000000000ffa0 rw !x
eeprom           0x0000000000810000 0x0000000000010000 rw !x
fuse             0x0000000000820000 0x0000000000000400 rw !x
lock             0x0000000000830000 0x0000000000000400 rw !x
signature        0x0000000000840000 0x0000000000000400 rw !x
user_signatures  0x0000000000850000 0x0000000000000400 rw !x
*default*        0x0000000000000000 0xffffffffffffffff

Linker script and memory map

LOAD /usr/lib/gcc/avr/4.8.1/../../../avr/lib/avrxmega7/crtx128a1u.o
LOAD build/ps2controller.o
LOAD build/lcd.o
LOAD build/walkpatterns.o
LOAD build/ff.o
LOAD build/gait_prgm.o
LOAD build/hexapod_v2.o
LOAD build/maestro.o
LOAD build/ash_cmd.o
LOAD build/hexapod.o
LOAD build/program.o
LOAD build/sdmm.o
LOAD build/ini.o
LOAD /usr/lib/gcc/avr/4.8.1/../../../avr/lib/avrxmega7/libm.a
LOAD /usr/lib/gcc/avr/4.8.1/avrxmega7/libgcc.a
LOAD /usr/lib/gcc/avr/4.8.1/../../../avr/lib/avrxmega7/libm.a
START GROUP
LOAD /usr/lib/gcc/avr/4.8.1/avrxmega7/libgcc.a
LOAD /usr/lib/gcc/avr/4.8.1/../../../avr/lib/avrxmega7/libm.a
LOAD /usr/lib/gcc/avr/4.8.1/../../../avr/lib/avrxmega7/libc.a
END GROUP

.hash
 *(.hash)

.dynsym
 *(.dynsym)

.dynstr
 *(.dynstr)

.gnu.version
 *(.gnu.version)

.gnu.version_d
 *(.gnu.version_d)

.gnu.version_r
 *(.gnu.version_r)

.rel.init
 *(.rel.init)

.rela.init
 *(.rela.init)

.rel.text
 *(.rel.text)
 *(.rel.text.*)
 *(.rel.gnu.linkonce.t*)

.rela.text
 *(.rela.text)
 *(.rela.text.*)
 *(.rela.gnu.linkonce.t*)

.rel.fini
 *(.rel.fini)

.rela.fini
 *(.rela.fini)

.rel.rodata
 *(.rel.rodata)
 *(.rel.rodata.*)
 *(.rel.gnu.linkonce.r*)

.rela.rodata
 *(.rela.rodata)
 *(.rela.rodata.*)
 *(.rela.gnu.linkonce.r*)

.rel.data
 *(.rel.data)
 *(.rel.data.*)
 *(.rel.gnu.linkonce.d*)

.rela.data
 *(.rela.data)
 *(.rela.data.*)
 *(.rela.gnu.linkonce.d*)

.rel.ctors
 *(.rel.ctors)

.rela.ctors
 *(.rela.ctors)

.rel.dtors
 *(.rel.dtors)

.rela.dtors
 *(.rela.dtors)

.rel.got
 *(.rel.got)

.rela.got
 *(.rela.got)

.rel.bss
 *(.rel.bss)

.rela.bss
 *(.rela.bss)

.rel.plt
 *(.rel.plt)

.rela.plt
 *(.rela.plt)

.text           0x0000000000000000     0x2ebc
 *(.vectors)
 .vectors       0x0000000000000000      0x1fc /usr/lib/gcc/avr/4.8.1/../../../avr/lib/avrxmega7/crtx128a1u.o
                0x0000000000000000                __vectors
                0x0000000000000000                __vector_default
 *(.vectors)
 *(.progmem.gcc*)
 .progmem.gcc_fplib
                0x00000000000001fc       0x2d /usr/lib/gcc/avr/4.8.1/../../../avr/lib/avrxmega7/libm.a(atan.o)
 .progmem.gcc_fplib
                0x0000000000000229       0x28 /usr/lib/gcc/avr/4.8.1/../../../avr/lib/avrxmega7/libm.a(fp_arccos.o)
 .progmem.gcc_fplib
                0x0000000000000251       0x1e /usr/lib/gcc/avr/4.8.1/../../../avr/lib/avrxmega7/libm.a(fp_sinus.o)
                0x0000000000000270                . = ALIGN (0x2)
 *fill*         0x000000000000026f        0x1 
                0x0000000000000270                __trampolines_start = .
 *(.trampolines)
 .trampolines   0x0000000000000270        0x0 linker stubs
 *(.trampolines*)
                0x0000000000000270                __trampolines_end = .
 *(.progmem*)
 .progmem.data  0x0000000000000270       0x3b /usr/lib/gcc/avr/4.8.1/../../../avr/lib/avrxmega7/libc.a(strtod.o)
                0x00000000000002ac                . = ALIGN (0x2)
 *fill*         0x00000000000002ab        0x1 
 *(.jumptables)
 *(.jumptables*)
 *(.lowtext)
 *(.lowtext*)
                0x00000000000002ac                __ctors_start = .
 *(.ctors)
                0x00000000000002ac                __ctors_end = .
                0x00000000000002ac                __dtors_start = .
 *(.dtors)
                0x00000000000002ac                __dtors_end = .
 SORT(*)(.ctors)
 SORT(*)(.dtors)
 *(.init0)
 .init0         0x00000000000002ac        0x0 /usr/lib/gcc/avr/4.8.1/../../../avr/lib/avrxmega7/crtx128a1u.o
                0x00000000000002ac                __init
 *(.init0)
 *(.init1)
 *(.init1)
 *(.init2)
 .init2         0x00000000000002ac       0x18 /usr/lib/gcc/avr/4.8.1/../../../avr/lib/avrxmega7/crtx128a1u.o
 *(.init2)
 *(.init3)
 *(.init3)
 *(.init4)
 .init4         0x00000000000002c4       0x1c /usr/lib/gcc/avr/4.8.1/avrxmega7/libgcc.a(_copy_data.o)
                0x00000000000002c4                __do_copy_data
 .init4         0x00000000000002e0       0x10 /usr/lib/gcc/avr/4.8.1/avrxmega7/libgcc.a(_clear_bss.o)
                0x00000000000002e0                __do_clear_bss
 *(.init4)
 *(.init5)
 *(.init5)
 *(.init6)
 *(.init6)
 *(.init7)
 *(.init7)
 *(.init8)
 *(.init8)
 *(.init9)
 .init9         0x00000000000002f0        0x8 /usr/lib/gcc/avr/4.8.1/../../../avr/lib/avrxmega7/crtx128a1u.o
 *(.init9)
 *(.text)
 .text          0x00000000000002f8        0x4 /usr/lib/gcc/avr/4.8.1/../../../avr/lib/avrxmega7/crtx128a1u.o
                0x00000000000002f8                __vector_38
                0x00000000000002f8                __vector_104
                0x00000000000002f8                __vector_22
                0x00000000000002f8                __vector_63
                0x00000000000002f8                __vector_28
                0x00000000000002f8                __vector_67
                0x00000000000002f8                __vector_1
                0x00000000000002f8                __vector_119
                0x00000000000002f8                __vector_32
                0x00000000000002f8                __vector_75
                0x00000000000002f8                __vector_71
                0x00000000000002f8                __vector_91
                0x00000000000002f8                __vector_34
                0x00000000000002f8                __vector_62
                0x00000000000002f8                __vector_77
                0x00000000000002f8                __vector_102
                0x00000000000002f8                __vector_24
                0x00000000000002f8                __vector_12
                0x00000000000002f8                __vector_55
                0x00000000000002f8                __vector_69
                0x00000000000002f8                __vector_81
                0x00000000000002f8                __vector_90
                0x00000000000002f8                __vector_46
                0x00000000000002f8                __bad_interrupt
                0x00000000000002f8                __vector_122
                0x00000000000002f8                __vector_72
                0x00000000000002f8                __vector_114
                0x00000000000002f8                __vector_6
                0x00000000000002f8                __vector_110
                0x00000000000002f8                __vector_31
                0x00000000000002f8                __vector_92
                0x00000000000002f8                __vector_35
                0x00000000000002f8                __vector_78
                0x00000000000002f8                __vector_74
                0x00000000000002f8                __vector_117
                0x00000000000002f8                __vector_39
                0x00000000000002f8                __vector_107
                0x00000000000002f8                __vector_3
                0x00000000000002f8                __vector_105
                0x00000000000002f8                __vector_98
                0x00000000000002f8                __vector_23
                0x00000000000002f8                __vector_68
                0x00000000000002f8                __vector_30
                0x00000000000002f8                __vector_73
                0x00000000000002f8                __vector_45
                0x00000000000002f8                __vector_25
                0x00000000000002f8                __vector_93
                0x00000000000002f8                __vector_11
                0x00000000000002f8                __vector_54
                0x00000000000002f8                __vector_99
                0x00000000000002f8                __vector_13
                0x00000000000002f8                __vector_17
                0x00000000000002f8                __vector_19
                0x00000000000002f8                __vector_56
                0x00000000000002f8                __vector_7
                0x00000000000002f8                __vector_125
                0x00000000000002f8                __vector_49
                0x00000000000002f8                __vector_123
                0x00000000000002f8                __vector_41
                0x00000000000002f8                __vector_86
                0x00000000000002f8                __vector_100
                0x00000000000002f8                __vector_101
                0x00000000000002f8                __vector_64
                0x00000000000002f8                __vector_88
                0x00000000000002f8                __vector_109
                0x00000000000002f8                __vector_43
                0x00000000000002f8                __vector_27
                0x00000000000002f8                __vector_5
                0x00000000000002f8                __vector_113
                0x00000000000002f8                __vector_33
                0x00000000000002f8                __vector_76
                0x00000000000002f8                __vector_115
                0x00000000000002f8                __vector_47
                0x00000000000002f8                __vector_52
                0x00000000000002f8                __vector_37
                0x00000000000002f8                __vector_95
                0x00000000000002f8                __vector_103
                0x00000000000002f8                __vector_96
                0x00000000000002f8                __vector_89
                0x00000000000002f8                __vector_108
                0x00000000000002f8                __vector_4
                0x00000000000002f8                __vector_44
                0x00000000000002f8                __vector_82
                0x00000000000002f8                __vector_106
                0x00000000000002f8                __vector_118
                0x00000000000002f8                __vector_51
                0x00000000000002f8                __vector_9
                0x00000000000002f8                __vector_2
                0x00000000000002f8                __vector_21
                0x00000000000002f8                __vector_15
                0x00000000000002f8                __vector_66
                0x00000000000002f8                __vector_36
                0x00000000000002f8                __vector_79
                0x00000000000002f8                __vector_58
                0x00000000000002f8                __vector_70
                0x00000000000002f8                __vector_83
                0x00000000000002f8                __vector_29
                0x00000000000002f8                __vector_60
                0x00000000000002f8                __vector_121
                0x00000000000002f8                __vector_40
                0x00000000000002f8                __vector_85
                0x00000000000002f8                __vector_94
                0x00000000000002f8                __vector_126
                0x00000000000002f8                __vector_8
                0x00000000000002f8                __vector_26
                0x00000000000002f8                __vector_48
                0x00000000000002f8                __vector_124
                0x00000000000002f8                __vector_116
                0x00000000000002f8                __vector_112
                0x00000000000002f8                __vector_111
                0x00000000000002f8                __vector_80
                0x00000000000002f8                __vector_84
                0x00000000000002f8                __vector_57
                0x00000000000002f8                __vector_53
                0x00000000000002f8                __vector_10
                0x00000000000002f8                __vector_50
                0x00000000000002f8                __vector_16
                0x00000000000002f8                __vector_59
                0x00000000000002f8                __vector_18
                0x00000000000002f8                __vector_97
                0x00000000000002f8                __vector_20
                0x00000000000002f8                __vector_42
                0x00000000000002f8                __vector_87
                0x00000000000002f8                __vector_65
                0x00000000000002f8                __vector_120
                0x00000000000002fc                . = ALIGN (0x2)
 *(.text.*)
 .text.ps2_txrx
                0x00000000000002fc       0x7a build/ps2controller.o
                0x00000000000002fc                ps2_txrx
 .text.select   0x0000000000000376       0x12 build/ps2controller.o
                0x0000000000000376                select
 .text.deselect
                0x0000000000000388       0x26 build/ps2controller.o
                0x0000000000000388                deselect
 .text.reselect
                0x00000000000003ae        0x8 build/ps2controller.o
                0x00000000000003ae                reselect
 .text.ps2_init_analog_mode
                0x00000000000003b6      0x17a build/ps2controller.o
                0x00000000000003b6                ps2_init_analog_mode
 .text.ps2_read_controller
                0x0000000000000530       0xb4 build/ps2controller.o
                0x0000000000000530                ps2_read_controller
 .text.toggle_e
                0x00000000000005e4       0x1a build/lcd.o
 .text.lcd_write
                0x00000000000005fe       0x68 build/lcd.o
 .text.lcd_read.constprop.0
                0x0000000000000666       0x5c build/lcd.o
 .text.lcd_waitbusy
                0x00000000000006c2       0x14 build/lcd.o
 .text.lcd_command
                0x00000000000006d6       0x12 build/lcd.o
                0x00000000000006d6                lcd_command
 .text.lcd_gotoxy
                0x00000000000006e8        0xe build/lcd.o
                0x00000000000006e8                lcd_gotoxy
 .text.lcd_clrscr
                0x00000000000006f6        0x6 build/lcd.o
                0x00000000000006f6                lcd_clrscr
 .text.lcd_putc
                0x00000000000006fc       0x28 build/lcd.o
                0x00000000000006fc                lcd_putc
 .text.lcd_puts
                0x0000000000000724       0x18 build/lcd.o
                0x0000000000000724                lcd_puts
 .text.lcd_init
                0x000000000000073c       0x98 build/lcd.o
                0x000000000000073c                lcd_init
 .text.maestro_init
                0x00000000000007d4        0xa build/maestro.o
                0x00000000000007d4                maestro_init
 .text.maestro_position
                0x00000000000007de       0x48 build/maestro.o
                0x00000000000007de                maestro_position
 .text.stepr    0x0000000000000826      0x192 build/hexapod.o
                0x0000000000000826                stepr
 .text.stepl    0x00000000000009b8      0x1a0 build/hexapod.o
                0x00000000000009b8                stepl
 .text.calc_ik  0x0000000000000b58      0x30c build/hexapod.o
                0x0000000000000b58                calc_ik
 .text.step_partial
                0x0000000000000e64      0x1ce build/hexapod.o
                0x0000000000000e64                step_partial
 .text.turn_partial
                0x0000000000001032      0x30c build/hexapod.o
                0x0000000000001032                turn_partial
 .text.__vector_61
                0x000000000000133e       0x6e build/hexapod.o
                0x000000000000133e                __vector_61
 .text.usart_send
                0x00000000000013ac       0x1a build/hexapod.o
                0x00000000000013ac                usart_send
 .text.disable_leg
                0x00000000000013c6       0x24 build/hexapod.o
                0x00000000000013c6                disable_leg
 .text.home_position
                0x00000000000013ea       0x54 build/hexapod.o
                0x00000000000013ea                home_position
 .text.setup    0x000000000000143e       0xd4 build/hexapod.o
                0x000000000000143e                setup
 .text.aitick   0x0000000000001512      0x596 build/hexapod.o
                0x0000000000001512                aitick
 .text.reset_walk
                0x0000000000001aa8       0x24 build/hexapod.o
                0x0000000000001aa8                reset_walk
 .text.update   0x0000000000001acc      0x7c6 build/hexapod.o
                0x0000000000001acc                update
 .text.maestro_rst
                0x0000000000002292       0x4c build/hexapod.o
                0x0000000000002292                maestro_rst
 .text.maestro_txd
                0x00000000000022de        0xe build/hexapod.o
                0x00000000000022de                maestro_txd
 .text.setClockTo32MHz
                0x00000000000022ec       0x1e build/hexapod.o
                0x00000000000022ec                setClockTo32MHz
 .text.__vector_14
                0x000000000000230a       0x28 build/hexapod.o
                0x000000000000230a                __vector_14
 .text.startup.main
                0x0000000000002332       0x14 build/hexapod.o
                0x0000000000002332                main
 .text.avr-libc.fplib
                0x0000000000002346       0x1c /usr/lib/gcc/avr/4.8.1/../../../avr/lib/avrxmega7/libm.a(acos.o)
                0x0000000000002346                acos
 .text.avr-libc.fplib
                0x0000000000002362        0xa /usr/lib/gcc/avr/4.8.1/../../../avr/lib/avrxmega7/libm.a(addsf3.o)
                0x0000000000002362                __subsf3
                0x0000000000002364                __addsf3
 .text.avr-libc.fplib
                0x000000000000236c       0xc0 /usr/lib/gcc/avr/4.8.1/../../../avr/lib/avrxmega7/libm.a(addsf3x.o)
                0x0000000000002386                __addsf3x
 .text.avr-libc.fplib
                0x000000000000242c       0x74 /usr/lib/gcc/avr/4.8.1/../../../avr/lib/avrxmega7/libm.a(atan2.o)
                0x000000000000244a                atan2
 .text.avr-libc.fplib
                0x00000000000024a0       0x50 /usr/lib/gcc/avr/4.8.1/../../../avr/lib/avrxmega7/libm.a(atan.o)
                0x00000000000024a0                atan
 .text.avr-libc.fplib
                0x00000000000024f0        0x8 /usr/lib/gcc/avr/4.8.1/../../../avr/lib/avrxmega7/libm.a(cmpsf2.o)
                0x00000000000024f0                __lesf2
                0x00000000000024f0                __nesf2
                0x00000000000024f0                __eqsf2
                0x00000000000024f0                __cmpsf2
                0x00000000000024f0                __ltsf2
 .text.avr-libc.fplib
                0x00000000000024f8        0x6 /usr/lib/gcc/avr/4.8.1/../../../avr/lib/avrxmega7/libm.a(cos.o)
                0x00000000000024f8                cos
 .text.avr-libc.fplib
                0x00000000000024fe        0x4 /usr/lib/gcc/avr/4.8.1/../../../avr/lib/avrxmega7/libm.a(divsf3.o)
                0x00000000000024fe                __divsf3
 .text.avr-libc.fplib
                0x0000000000002502       0xcc /usr/lib/gcc/avr/4.8.1/../../../avr/lib/avrxmega7/libm.a(divsf3x.o)
                0x0000000000002518                __divsf3x
                0x000000000000251c                __divsf3_pse
 .text.avr-libc.fplib
                0x00000000000025ce        0xa /usr/lib/gcc/avr/4.8.1/../../../avr/lib/avrxmega7/libm.a(fixsfsi.o)
                0x00000000000025ce                __fixsfsi
 .text.avr-libc.fplib
                0x00000000000025d8       0x58 /usr/lib/gcc/avr/4.8.1/../../../avr/lib/avrxmega7/libm.a(fixunssfsi.o)
                0x00000000000025d8                __fixunssfsi
 .text.avr-libc.fplib
                0x0000000000002630       0x7a /usr/lib/gcc/avr/4.8.1/../../../avr/lib/avrxmega7/libm.a(floatsisf.o)
                0x0000000000002630                __floatunsisf
                0x0000000000002634                __floatsisf
 .text.avr-libc.fplib
                0x00000000000026aa       0x3e /usr/lib/gcc/avr/4.8.1/../../../avr/lib/avrxmega7/libm.a(fmax.o)
                0x00000000000026aa                fmax
 .text.avr-libc.fplib
                0x00000000000026e8       0x36 /usr/lib/gcc/avr/4.8.1/../../../avr/lib/avrxmega7/libm.a(fp_arccos.o)
                0x00000000000026e8                __fp_arccos
 .text.avr-libc.fplib
                0x000000000000271e       0x48 /usr/lib/gcc/avr/4.8.1/../../../avr/lib/avrxmega7/libm.a(fp_cmp.o)
                0x000000000000271e                __fp_cmp
 .text.avr-libc.fplib
                0x0000000000002766        0xc /usr/lib/gcc/avr/4.8.1/../../../avr/lib/avrxmega7/libm.a(fp_inf.o)
                0x0000000000002766                __fp_inf
 .text.avr-libc.fplib
                0x0000000000002772        0x6 /usr/lib/gcc/avr/4.8.1/../../../avr/lib/avrxmega7/libm.a(fp_nan.o)
                0x0000000000002772                __fp_nan
 .text.avr-libc.fplib
                0x0000000000002778       0x4a /usr/lib/gcc/avr/4.8.1/../../../avr/lib/avrxmega7/libm.a(fp_powser.o)
                0x0000000000002778                __fp_powser
 .text.avr-libc.fplib
                0x00000000000027c2        0xe /usr/lib/gcc/avr/4.8.1/../../../avr/lib/avrxmega7/libm.a(fp_pscA.o)
                0x00000000000027c2                __fp_pscA
 .text.avr-libc.fplib
                0x00000000000027d0        0xe /usr/lib/gcc/avr/4.8.1/../../../avr/lib/avrxmega7/libm.a(fp_pscB.o)
                0x00000000000027d0                __fp_pscB
 .text.avr-libc.fplib
                0x00000000000027de       0x50 /usr/lib/gcc/avr/4.8.1/../../../avr/lib/avrxmega7/libm.a(fp_rempio2.o)
                0x00000000000027e0                __fp_rempio2
 .text.avr-libc.fplib
                0x000000000000282e       0x22 /usr/lib/gcc/avr/4.8.1/../../../avr/lib/avrxmega7/libm.a(fp_round.o)
                0x000000000000282e                __fp_round
 .text.avr-libc.fplib
                0x0000000000002850       0x22 /usr/lib/gcc/avr/4.8.1/../../../avr/lib/avrxmega7/libm.a(fp_sinus.o)
                0x0000000000002850                __fp_sinus
 .text.avr-libc.fplib
                0x0000000000002872       0x44 /usr/lib/gcc/avr/4.8.1/../../../avr/lib/avrxmega7/libm.a(fp_split3.o)
                0x0000000000002872                __fp_split3
                0x0000000000002882                __fp_splitA
 .text.avr-libc.fplib
                0x00000000000028b6        0xe /usr/lib/gcc/avr/4.8.1/../../../avr/lib/avrxmega7/libm.a(fp_zero.o)
                0x00000000000028b6                __fp_zero
                0x00000000000028b8                __fp_szero
 .text.avr-libc.fplib
                0x00000000000028c4        0x8 /usr/lib/gcc/avr/4.8.1/../../../avr/lib/avrxmega7/libm.a(gesf2.o)
                0x00000000000028c4                __gtsf2
                0x00000000000028c4                __gesf2
 .text.avr-libc.fplib
                0x00000000000028cc        0xe /usr/lib/gcc/avr/4.8.1/../../../avr/lib/avrxmega7/libm.a(inverse.o)
                0x00000000000028cc                inverse
 .text.avr-libc.fplib
                0x00000000000028da        0x4 /usr/lib/gcc/avr/4.8.1/../../../avr/lib/avrxmega7/libm.a(mulsf3.o)
                0x00000000000028da                __mulsf3
 .text.avr-libc.fplib
                0x00000000000028de       0xc2 /usr/lib/gcc/avr/4.8.1/../../../avr/lib/avrxmega7/libm.a(mulsf3x.o)
                0x00000000000028f2                __mulsf3x
                0x00000000000028f6                __mulsf3_pse
 .text.avr-libc.fplib
                0x00000000000029a0        0xc /usr/lib/gcc/avr/4.8.1/../../../avr/lib/avrxmega7/libm.a(sin.o)
                0x00000000000029a0                sin
 .text.avr-libc.fplib
                0x00000000000029ac       0x84 /usr/lib/gcc/avr/4.8.1/../../../avr/lib/avrxmega7/libm.a(sqrt.o)
                0x00000000000029b4                sqrt
 .text.avr-libc.fplib
                0x0000000000002a30        0x6 /usr/lib/gcc/avr/4.8.1/../../../avr/lib/avrxmega7/libm.a(square.o)
                0x0000000000002a30                square
 .text.avr-libc.fplib
                0x0000000000002a36       0x1c /usr/lib/gcc/avr/4.8.1/../../../avr/lib/avrxmega7/libm.a(fp_mpack.o)
                0x0000000000002a36                __fp_mpack
                0x0000000000002a3a                __fp_mpack_finite
 .text.avr-libc.fplib
                0x0000000000002a52        0xe /usr/lib/gcc/avr/4.8.1/../../../avr/lib/avrxmega7/libm.a(fp_norm2.o)
                0x0000000000002a52                __fp_norm2
 .text.avr-libc.fplib
                0x0000000000002a60       0x22 /usr/lib/gcc/avr/4.8.1/../../../avr/lib/avrxmega7/libm.a(fp_powsodd.o)
                0x0000000000002a60                __fp_powsodd
 .text.libgcc.mul
                0x0000000000002a82       0x16 /usr/lib/gcc/avr/4.8.1/avrxmega7/libgcc.a(_muluhisi3.o)
                0x0000000000002a82                __muluhisi3
 .text.libgcc.mul
                0x0000000000002a98       0x1e /usr/lib/gcc/avr/4.8.1/avrxmega7/libgcc.a(_umulhisi3.o)
                0x0000000000002a98                __umulhisi3
 .text.avr-libc
                0x0000000000002ab6        0x8 /usr/lib/gcc/avr/4.8.1/../../../avr/lib/avrxmega7/libc.a(atof.o)
                0x0000000000002ab6                atof
 .text.avr-libc
                0x0000000000002abe       0x10 /usr/lib/gcc/avr/4.8.1/../../../avr/lib/avrxmega7/libc.a(isspace.o)
                0x0000000000002abe                isspace
 .text.avr-libc
                0x0000000000002ace        0x8 /usr/lib/gcc/avr/4.8.1/../../../avr/lib/avrxmega7/libc.a(strtok.o)
                0x0000000000002ace                strtok
 .text.avr-libc
                0x0000000000002ad6       0x12 /usr/lib/gcc/avr/4.8.1/../../../avr/lib/avrxmega7/libc.a(strcmp.o)
                0x0000000000002ad6                strcmp
 .text.avr-libc
                0x0000000000002ae8       0x4e /usr/lib/gcc/avr/4.8.1/../../../avr/lib/avrxmega7/libc.a(strtok_r.o)
                0x0000000000002ae8                strtok_r
 .text.avr-libc
                0x0000000000002b36       0x16 /usr/lib/gcc/avr/4.8.1/../../../avr/lib/avrxmega7/libc.a(itoa_ncheck.o)
                0x0000000000002b36                __itoa_ncheck
 .text.avr-libc
                0x0000000000002b4c       0x34 /usr/lib/gcc/avr/4.8.1/../../../avr/lib/avrxmega7/libc.a(utoa_ncheck.o)
                0x0000000000002b4c                __utoa_ncheck
                0x0000000000002b4e                __utoa_common
 .text.avr-libc
                0x0000000000002b80      0x2e2 /usr/lib/gcc/avr/4.8.1/../../../avr/lib/avrxmega7/libc.a(strtod.o)
                0x0000000000002b80                strtod
 .text.avr-libc
                0x0000000000002e62        0x6 /usr/lib/gcc/avr/4.8.1/../../../avr/lib/avrxmega7/libc.a(cty_isfalse.o)
                0x0000000000002e62                __ctype_isfalse
                0x0000000000002e66                __ctype_istrue
 .text.avr-libc
                0x0000000000002e68       0x30 /usr/lib/gcc/avr/4.8.1/../../../avr/lib/avrxmega7/libc.a(strncasecmp_P.o)
                0x0000000000002e68                strncasecmp_P
 .text.avr-libc
                0x0000000000002e98       0x20 /usr/lib/gcc/avr/4.8.1/../../../avr/lib/avrxmega7/libc.a(strrev.o)
                0x0000000000002e98                strrev
                0x0000000000002eb8                . = ALIGN (0x2)
 *(.fini9)
 .fini9         0x0000000000002eb8        0x0 /usr/lib/gcc/avr/4.8.1/avrxmega7/libgcc.a(_exit.o)
                0x0000000000002eb8                exit
                0x0000000000002eb8                _exit
 *(.fini9)
 *(.fini8)
 *(.fini8)
 *(.fini7)
 *(.fini7)
 *(.fini6)
 *(.fini6)
 *(.fini5)
 *(.fini5)
 *(.fini4)
 *(.fini4)
 *(.fini3)
 *(.fini3)
 *(.fini2)
 *(.fini2)
 *(.fini1)
 *(.fini1)
 *(.fini0)
 .fini0         0x0000000000002eb8        0x4 /usr/lib/gcc/avr/4.8.1/avrxmega7/libgcc.a(_exit.o)
 *(.fini0)
                0x0000000000002ebc                _etext = .

.data           0x0000000000802000      0x140 load address 0x0000000000002ebc
                0x0000000000802000                PROVIDE (__data_start, .)
 *(.data)
 .data          0x0000000000802000        0x0 /usr/lib/gcc/avr/4.8.1/../../../avr/lib/avrxmega7/crtx128a1u.o
 .data          0x0000000000802000        0x0 build/ps2controller.o
 .data          0x0000000000802000        0x0 build/lcd.o
 .data          0x0000000000802000        0x0 build/walkpatterns.o
 .data          0x0000000000802000        0x0 build/ff.o
 .data          0x0000000000802000        0x0 build/gait_prgm.o
 .data          0x0000000000802000        0x0 build/hexapod_v2.o
 .data          0x0000000000802000        0x0 build/maestro.o
 .data          0x0000000000802000        0x0 build/ash_cmd.o
 .data          0x0000000000802000        0x0 build/hexapod.o
 .data          0x0000000000802000        0x0 build/program.o
 .data          0x0000000000802000        0x0 build/sdmm.o
 .data          0x0000000000802000        0x0 build/ini.o
 .data          0x0000000000802000        0x0 /usr/lib/gcc/avr/4.8.1/../../../avr/lib/avrxmega7/libm.a(acos.o)
 .data          0x0000000000802000        0x0 /usr/lib/gcc/avr/4.8.1/../../../avr/lib/avrxmega7/libm.a(addsf3.o)
 .data          0x0000000000802000        0x0 /usr/lib/gcc/avr/4.8.1/../../../avr/lib/avrxmega7/libm.a(addsf3x.o)
 .data          0x0000000000802000        0x0 /usr/lib/gcc/avr/4.8.1/../../../avr/lib/avrxmega7/libm.a(atan2.o)
 .data          0x0000000000802000        0x0 /usr/lib/gcc/avr/4.8.1/../../../avr/lib/avrxmega7/libm.a(atan.o)
 .data          0x0000000000802000        0x0 /usr/lib/gcc/avr/4.8.1/../../../avr/lib/avrxmega7/libm.a(cmpsf2.o)
 .data          0x0000000000802000        0x0 /usr/lib/gcc/avr/4.8.1/../../../avr/lib/avrxmega7/libm.a(cos.o)
 .data          0x0000000000802000        0x0 /usr/lib/gcc/avr/4.8.1/../../../avr/lib/avrxmega7/libm.a(divsf3.o)
 .data          0x0000000000802000        0x0 /usr/lib/gcc/avr/4.8.1/../../../avr/lib/avrxmega7/libm.a(divsf3x.o)
 .data          0x0000000000802000        0x0 /usr/lib/gcc/avr/4.8.1/../../../avr/lib/avrxmega7/libm.a(fixsfsi.o)
 .data          0x0000000000802000        0x0 /usr/lib/gcc/avr/4.8.1/../../../avr/lib/avrxmega7/libm.a(fixunssfsi.o)
 .data          0x0000000000802000        0x0 /usr/lib/gcc/avr/4.8.1/../../../avr/lib/avrxmega7/libm.a(floatsisf.o)
 .data          0x0000000000802000        0x0 /usr/lib/gcc/avr/4.8.1/../../../avr/lib/avrxmega7/libm.a(fmax.o)
 .data          0x0000000000802000        0x0 /usr/lib/gcc/avr/4.8.1/../../../avr/lib/avrxmega7/libm.a(fp_arccos.o)
 .data          0x0000000000802000        0x0 /usr/lib/gcc/avr/4.8.1/../../../avr/lib/avrxmega7/libm.a(fp_cmp.o)
 .data          0x0000000000802000        0x0 /usr/lib/gcc/avr/4.8.1/../../../avr/lib/avrxmega7/libm.a(fp_inf.o)
 .data          0x0000000000802000        0x0 /usr/lib/gcc/avr/4.8.1/../../../avr/lib/avrxmega7/libm.a(fp_nan.o)
 .data          0x0000000000802000        0x0 /usr/lib/gcc/avr/4.8.1/../../../avr/lib/avrxmega7/libm.a(fp_powser.o)
 .data          0x0000000000802000        0x0 /usr/lib/gcc/avr/4.8.1/../../../avr/lib/avrxmega7/libm.a(fp_pscA.o)
 .data          0x0000000000802000        0x0 /usr/lib/gcc/avr/4.8.1/../../../avr/lib/avrxmega7/libm.a(fp_pscB.o)
 .data          0x0000000000802000        0x0 /usr/lib/gcc/avr/4.8.1/../../../avr/lib/avrxmega7/libm.a(fp_rempio2.o)
 .data          0x0000000000802000        0x0 /usr/lib/gcc/avr/4.8.1/../../../avr/lib/avrxmega7/libm.a(fp_round.o)
 .data          0x0000000000802000        0x0 /usr/lib/gcc/avr/4.8.1/../../../avr/lib/avrxmega7/libm.a(fp_sinus.o)
 .data          0x0000000000802000        0x0 /usr/lib/gcc/avr/4.8.1/../../../avr/lib/avrxmega7/libm.a(fp_split3.o)
 .data          0x0000000000802000        0x0 /usr/lib/gcc/avr/4.8.1/../../../avr/lib/avrxmega7/libm.a(fp_zero.o)
 .data          0x0000000000802000        0x0 /usr/lib/gcc/avr/4.8.1/../../../avr/lib/avrxmega7/libm.a(gesf2.o)
 .data          0x0000000000802000        0x0 /usr/lib/gcc/avr/4.8.1/../../../avr/lib/avrxmega7/libm.a(inverse.o)
 .data          0x0000000000802000        0x0 /usr/lib/gcc/avr/4.8.1/../../../avr/lib/avrxmega7/libm.a(mulsf3.o)
 .data          0x0000000000802000        0x0 /usr/lib/gcc/avr/4.8.1/../../../avr/lib/avrxmega7/libm.a(mulsf3x.o)
 .data          0x0000000000802000        0x0 /usr/lib/gcc/avr/4.8.1/../../../avr/lib/avrxmega7/libm.a(sin.o)
 .data          0x0000000000802000        0x0 /usr/lib/gcc/avr/4.8.1/../../../avr/lib/avrxmega7/libm.a(sqrt.o)
 .data          0x0000000000802000        0x0 /usr/lib/gcc/avr/4.8.1/../../../avr/lib/avrxmega7/libm.a(square.o)
 .data          0x0000000000802000        0x0 /usr/lib/gcc/avr/4.8.1/../../../avr/lib/avrxmega7/libm.a(fp_mpack.o)
 .data          0x0000000000802000        0x0 /usr/lib/gcc/avr/4.8.1/../../../avr/lib/avrxmega7/libm.a(fp_norm2.o)
 .data          0x0000000000802000        0x0 /usr/lib/gcc/avr/4.8.1/../../../avr/lib/avrxmega7/libm.a(fp_powsodd.o)
 .data          0x0000000000802000        0x0 /usr/lib/gcc/avr/4.8.1/avrxmega7/libgcc.a(_udivmodhi4.o)
 .data          0x0000000000802000        0x0 /usr/lib/gcc/avr/4.8.1/avrxmega7/libgcc.a(_udivmodsi4.o)
 .data          0x0000000000802000        0x0 /usr/lib/gcc/avr/4.8.1/avrxmega7/libgcc.a(_exit.o)
 .data          0x0000000000802000        0x0 /usr/lib/gcc/avr/4.8.1/avrxmega7/libgcc.a(_copy_data.o)
 .data          0x0000000000802000        0x0 /usr/lib/gcc/avr/4.8.1/avrxmega7/libgcc.a(_clear_bss.o)
 .data          0x0000000000802000        0x0 /usr/lib/gcc/avr/4.8.1/avrxmega7/libgcc.a(_muluhisi3.o)
 .data          0x0000000000802000        0x0 /usr/lib/gcc/avr/4.8.1/avrxmega7/libgcc.a(_umulhisi3.o)
 .data          0x0000000000802000        0x0 /usr/lib/gcc/avr/4.8.1/../../../avr/lib/avrxmega7/libc.a(atof.o)
 .data          0x0000000000802000        0x0 /usr/lib/gcc/avr/4.8.1/../../../avr/lib/avrxmega7/libc.a(isspace.o)
 .data          0x0000000000802000        0x0 /usr/lib/gcc/avr/4.8.1/../../../avr/lib/avrxmega7/libc.a(strtok.o)
 .data          0x0000000000802000        0x0 /usr/lib/gcc/avr/4.8.1/../../../avr/lib/avrxmega7/libc.a(strcmp.o)
 .data          0x0000000000802000        0x0 /usr/lib/gcc/avr/4.8.1/../../../avr/lib/avrxmega7/libc.a(strncpy.o)
 .data          0x0000000000802000        0x0 /usr/lib/gcc/avr/4.8.1/../../../avr/lib/avrxmega7/libc.a(strtok_r.o)
 .data          0x0000000000802000        0x0 /usr/lib/gcc/avr/4.8.1/../../../avr/lib/avrxmega7/libc.a(itoa_ncheck.o)
 .data          0x0000000000802000        0x0 /usr/lib/gcc/avr/4.8.1/../../../avr/lib/avrxmega7/libc.a(utoa_ncheck.o)
 .data          0x0000000000802000        0x0 /usr/lib/gcc/avr/4.8.1/../../../avr/lib/avrxmega7/libc.a(strtod.o)
 .data          0x0000000000802000        0x0 /usr/lib/gcc/avr/4.8.1/../../../avr/lib/avrxmega7/libc.a(cty_isfalse.o)
 .data          0x0000000000802000        0x0 /usr/lib/gcc/avr/4.8.1/../../../avr/lib/avrxmega7/libc.a(strncasecmp_P.o)
 .data          0x0000000000802000        0x0 /usr/lib/gcc/avr/4.8.1/../../../avr/lib/avrxmega7/libc.a(strrev.o)
 .data          0x0000000000802000        0x0 /usr/lib/gcc/avr/4.8.1/../../../avr/lib/avrxmega7/libc.a(errno.o)
 *(.data*)
 .data.at_home_position
                0x0000000000802000        0x1 build/hexapod.o
                0x0000000000802000                at_home_position
 .data.offset_x
                0x0000000000802001        0x2 build/hexapod.o
                0x0000000000802001                offset_x
 .data.offset_y
                0x0000000000802003        0x2 build/hexapod.o
                0x0000000000802003                offset_y
 *(.rodata)
 *(.rodata*)
 .rodata.str1.1
                0x0000000000802005      0x13b build/hexapod.o
                                        0x143 (size before relaxing)
 *(.gnu.linkonce.d*)
                0x0000000000802140                . = ALIGN (0x2)
                0x0000000000802140                _edata = .
                0x0000000000802140                PROVIDE (__data_end, .)

.bss            0x0000000000802140       0xd1
                0x0000000000802140                PROVIDE (__bss_start, .)
 *(.bss)
 .bss           0x0000000000802140        0x2 /usr/lib/gcc/avr/4.8.1/../../../avr/lib/avrxmega7/libc.a(strtok.o)
 *(.bss*)
 .bss.t2        0x0000000000802142        0x2 build/hexapod.o
                0x0000000000802142                t2
 .bss.t1        0x0000000000802144        0x2 build/hexapod.o
                0x0000000000802144                t1
 .bss.translate_angle
                0x0000000000802146        0x2 build/hexapod.o
                0x0000000000802146                translate_angle
 .bss.translate_y
                0x0000000000802148        0x2 build/hexapod.o
                0x0000000000802148                translate_y
 .bss.translate_x
                0x000000000080214a        0x2 build/hexapod.o
                0x000000000080214a                translate_x
 .bss.g_half_step
                0x000000000080214c        0x1 build/hexapod.o
                0x000000000080214c                g_half_step
 .bss.new_walk  0x000000000080214d        0x1 build/hexapod.o
                0x000000000080214d                new_walk
 .bss.offset    0x000000000080214e        0x1 build/hexapod.o
                0x000000000080214e                offset
 .bss.remote    0x000000000080214f        0x1 build/hexapod.o
                0x000000000080214f                remote
 .bss.floodlights
                0x0000000000802150        0x1 build/hexapod.o
                0x0000000000802150                floodlights
 .bss.controller
                0x0000000000802151        0x1 build/hexapod.o
                0x0000000000802151                controller
 .bss.buffer_complete
                0x0000000000802152        0x1 build/hexapod.o
                0x0000000000802152                buffer_complete
 .bss.index     0x0000000000802153        0x1 build/hexapod.o
                0x0000000000802153                index
 .bss.do_tick   0x0000000000802154        0x1 build/hexapod.o
                0x0000000000802154                do_tick
 *(COMMON)
 COMMON         0x0000000000802155       0x30 build/maestro.o
                0x0000000000802155                servo_positions
 COMMON         0x0000000000802185       0x8a build/hexapod.o
                0x0000000000802185                usart_buffer
                0x0000000000802205                controller_struct
 COMMON         0x000000000080220f        0x2 /usr/lib/gcc/avr/4.8.1/../../../avr/lib/avrxmega7/libc.a(errno.o)
                0x000000000080220f                errno
                0x0000000000802211                PROVIDE (__bss_end, .)
                0x0000000000002ebc                __data_load_start = LOADADDR (.data)
                0x0000000000002ffc                __data_load_end = (__data_load_start + SIZEOF (.data))

.noinit         0x0000000000802211        0x0
                0x0000000000802211                PROVIDE (__noinit_start, .)
 *(.noinit*)
                0x0000000000802211                PROVIDE (__noinit_end, .)
                0x0000000000802211                _end = .
                0x0000000000802211                PROVIDE (__heap_start, .)

.eeprom         0x0000000000810000        0x0
 *(.eeprom*)
                0x0000000000810000                __eeprom_end = .

.fuse
 *(.fuse)
 *(.lfuse)
 *(.hfuse)
 *(.efuse)

.lock
 *(.lock*)

.signature
 *(.signature*)

.user_signatures
 *(.user_signatures*)

.stab
 *(.stab)

.stabstr
 *(.stabstr)

.stab.excl
 *(.stab.excl)

.stab.exclstr
 *(.stab.exclstr)

.stab.index
 *(.stab.index)

.stab.indexstr
 *(.stab.indexstr)

.comment        0x0000000000000000       0x22
 *(.comment)
 .comment       0x0000000000000000       0x11 build/ps2controller.o
                                         0x12 (size before relaxing)
 .comment       0x0000000000000000       0x12 build/lcd.o
 .comment       0x0000000000000000       0x12 build/walkpatterns.o
 .comment       0x0000000000000011       0x11 build/ff.o
                                         0x12 (size before relaxing)
 .comment       0x0000000000000000       0x12 build/gait_prgm.o
 .comment       0x0000000000000000       0x12 build/hexapod_v2.o
 .comment       0x0000000000000000       0x12 build/maestro.o
 .comment       0x0000000000000000       0x12 build/ash_cmd.o
 .comment       0x0000000000000000       0x12 build/hexapod.o
 .comment       0x0000000000000000       0x12 build/program.o
 .comment       0x0000000000000000       0x12 build/sdmm.o
 .comment       0x0000000000000000       0x12 build/ini.o
 .comment       0x0000000000000000       0x12 /usr/lib/gcc/avr/4.8.1/../../../avr/lib/avrxmega7/libc.a(strtok.o)
 .comment       0x0000000000000000       0x12 /usr/lib/gcc/avr/4.8.1/../../../avr/lib/avrxmega7/libc.a(strtod.o)
 .comment       0x0000000000000000       0x12 /usr/lib/gcc/avr/4.8.1/../../../avr/lib/avrxmega7/libc.a(errno.o)

.note.gnu.build-id
 *(.note.gnu.build-id)

.debug
 *(.debug)

.line
 *(.line)

.debug_srcinfo
 *(.debug_srcinfo)

.debug_sfnames
 *(.debug_sfnames)

.debug_aranges
 *(.debug_aranges)

.debug_pubnames
 *(.debug_pubnames)

.debug_info
 *(.debug_info .gnu.linkonce.wi.*)

.debug_abbrev
 *(.debug_abbrev)

.debug_line
 *(.debug_line .debug_line.* .debug_line_end)

.debug_frame
 *(.debug_frame)

.debug_str
 *(.debug_str)

.debug_loc
 *(.debug_loc)

.debug_macinfo
 *(.debug_macinfo)

.debug_weaknames
 *(.debug_weaknames)

.debug_funcnames
 *(.debug_funcnames)

.debug_typenames
 *(.debug_typenames)

.debug_varnames
 *(.debug_varnames)

.debug_pubtypes
 *(.debug_pubtypes)

.debug_ranges
 *(.debug_ranges)

.debug_macro
 *(.debug_macro)
OUTPUT(build/hexapod.elf elf32-avr)
LOAD linker stubs

Cross Reference Table

Symbol                                            File
__addsf3                                          /usr/lib/gcc/avr/4.8.1/../../../avr/lib/avrxmega7/libm.a(addsf3.o)
                                                  /usr/lib/gcc/avr/4.8.1/../../../avr/lib/avrxmega7/libm.a(atan2.o)
                                                  build/hexapod.o
__addsf3x                                         /usr/lib/gcc/avr/4.8.1/../../../avr/lib/avrxmega7/libm.a(addsf3x.o)
                                                  /usr/lib/gcc/avr/4.8.1/../../../avr/lib/avrxmega7/libm.a(fp_sinus.o)
                                                  /usr/lib/gcc/avr/4.8.1/../../../avr/lib/avrxmega7/libm.a(fp_powser.o)
                                                  /usr/lib/gcc/avr/4.8.1/../../../avr/lib/avrxmega7/libm.a(atan.o)
                                                  /usr/lib/gcc/avr/4.8.1/../../../avr/lib/avrxmega7/libm.a(addsf3.o)
                                                  /usr/lib/gcc/avr/4.8.1/../../../avr/lib/avrxmega7/libm.a(acos.o)
__bad_interrupt                                   /usr/lib/gcc/avr/4.8.1/../../../avr/lib/avrxmega7/crtx128a1u.o
__bss_end                                         /usr/lib/gcc/avr/4.8.1/avrxmega7/libgcc.a(_clear_bss.o)
__bss_start                                       /usr/lib/gcc/avr/4.8.1/avrxmega7/libgcc.a(_clear_bss.o)
__cmpsf2                                          /usr/lib/gcc/avr/4.8.1/../../../avr/lib/avrxmega7/libm.a(cmpsf2.o)
__ctype_isfalse                                   /usr/lib/gcc/avr/4.8.1/../../../avr/lib/avrxmega7/libc.a(cty_isfalse.o)
                                                  /usr/lib/gcc/avr/4.8.1/../../../avr/lib/avrxmega7/libc.a(isspace.o)
__ctype_istrue                                    /usr/lib/gcc/avr/4.8.1/../../../avr/lib/avrxmega7/libc.a(cty_isfalse.o)
__data_end                                        /usr/lib/gcc/avr/4.8.1/avrxmega7/libgcc.a(_copy_data.o)
__data_load_start                                 /usr/lib/gcc/avr/4.8.1/avrxmega7/libgcc.a(_copy_data.o)
__data_start                                      /usr/lib/gcc/avr/4.8.1/avrxmega7/libgcc.a(_copy_data.o)
__divsf3                                          /usr/lib/gcc/avr/4.8.1/../../../avr/lib/avrxmega7/libm.a(divsf3.o)
                                                  /usr/lib/gcc/avr/4.8.1/../../../avr/lib/avrxmega7/libm.a(inverse.o)
                                                  build/hexapod.o
__divsf3_pse                                      /usr/lib/gcc/avr/4.8.1/../../../avr/lib/avrxmega7/libm.a(divsf3x.o)
                                                  /usr/lib/gcc/avr/4.8.1/../../../avr/lib/avrxmega7/libm.a(atan2.o)
__divsf3x                                         /usr/lib/gcc/avr/4.8.1/../../../avr/lib/avrxmega7/libm.a(divsf3x.o)
                                                  /usr/lib/gcc/avr/4.8.1/../../../avr/lib/avrxmega7/libm.a(divsf3.o)
__do_clear_bss                                    /usr/lib/gcc/avr/4.8.1/avrxmega7/libgcc.a(_clear_bss.o)
                                                  /usr/lib/gcc/avr/4.8.1/../../../avr/lib/avrxmega7/libc.a(errno.o)
                                                  /usr/lib/gcc/avr/4.8.1/../../../avr/lib/avrxmega7/libc.a(strtok.o)
                                                  build/sdmm.o
                                                  build/hexapod.o
                                                  build/maestro.o
                                                  build/ff.o
__do_copy_data                                    /usr/lib/gcc/avr/4.8.1/avrxmega7/libgcc.a(_copy_data.o)
                                                  build/sdmm.o
                                                  build/hexapod.o
                                                  build/ff.o
                                                  build/walkpatterns.o
__eqsf2                                           /usr/lib/gcc/avr/4.8.1/../../../avr/lib/avrxmega7/libm.a(cmpsf2.o)
                                                  /usr/lib/gcc/avr/4.8.1/../../../avr/lib/avrxmega7/libc.a(strtod.o)
__fixsfsi                                         /usr/lib/gcc/avr/4.8.1/../../../avr/lib/avrxmega7/libm.a(fixsfsi.o)
                                                  build/hexapod.o
__fixunssfsi                                      /usr/lib/gcc/avr/4.8.1/../../../avr/lib/avrxmega7/libm.a(fixunssfsi.o)
                                                  /usr/lib/gcc/avr/4.8.1/../../../avr/lib/avrxmega7/libm.a(fixsfsi.o)
__floatsisf                                       /usr/lib/gcc/avr/4.8.1/../../../avr/lib/avrxmega7/libm.a(floatsisf.o)
                                                  build/hexapod.o
__floatunsisf                                     /usr/lib/gcc/avr/4.8.1/../../../avr/lib/avrxmega7/libm.a(floatsisf.o)
                                                  /usr/lib/gcc/avr/4.8.1/../../../avr/lib/avrxmega7/libc.a(strtod.o)
__fp_arccos                                       /usr/lib/gcc/avr/4.8.1/../../../avr/lib/avrxmega7/libm.a(fp_arccos.o)
                                                  /usr/lib/gcc/avr/4.8.1/../../../avr/lib/avrxmega7/libm.a(acos.o)
__fp_cmp                                          /usr/lib/gcc/avr/4.8.1/../../../avr/lib/avrxmega7/libm.a(fp_cmp.o)
                                                  /usr/lib/gcc/avr/4.8.1/../../../avr/lib/avrxmega7/libm.a(gesf2.o)
                                                  /usr/lib/gcc/avr/4.8.1/../../../avr/lib/avrxmega7/libm.a(cmpsf2.o)
__fp_inf                                          /usr/lib/gcc/avr/4.8.1/../../../avr/lib/avrxmega7/libm.a(fp_inf.o)
                                                  /usr/lib/gcc/avr/4.8.1/../../../avr/lib/avrxmega7/libm.a(mulsf3x.o)
                                                  /usr/lib/gcc/avr/4.8.1/../../../avr/lib/avrxmega7/libm.a(divsf3x.o)
                                                  /usr/lib/gcc/avr/4.8.1/../../../avr/lib/avrxmega7/libm.a(addsf3x.o)
__fp_mpack                                        /usr/lib/gcc/avr/4.8.1/../../../avr/lib/avrxmega7/libm.a(fp_mpack.o)
                                                  /usr/lib/gcc/avr/4.8.1/../../../avr/lib/avrxmega7/libm.a(sqrt.o)
__fp_mpack_finite                                 /usr/lib/gcc/avr/4.8.1/../../../avr/lib/avrxmega7/libm.a(fp_mpack.o)
                                                  /usr/lib/gcc/avr/4.8.1/../../../avr/lib/avrxmega7/libm.a(fp_rempio2.o)
__fp_nan                                          /usr/lib/gcc/avr/4.8.1/../../../avr/lib/avrxmega7/libm.a(fp_nan.o)
                                                  /usr/lib/gcc/avr/4.8.1/../../../avr/lib/avrxmega7/libm.a(sqrt.o)
                                                  /usr/lib/gcc/avr/4.8.1/../../../avr/lib/avrxmega7/libm.a(mulsf3x.o)
                                                  /usr/lib/gcc/avr/4.8.1/../../../avr/lib/avrxmega7/libm.a(fp_rempio2.o)
                                                  /usr/lib/gcc/avr/4.8.1/../../../avr/lib/avrxmega7/libm.a(divsf3x.o)
                                                  /usr/lib/gcc/avr/4.8.1/../../../avr/lib/avrxmega7/libm.a(atan2.o)
                                                  /usr/lib/gcc/avr/4.8.1/../../../avr/lib/avrxmega7/libm.a(addsf3x.o)
__fp_norm2                                        /usr/lib/gcc/avr/4.8.1/../../../avr/lib/avrxmega7/libm.a(fp_norm2.o)
                                                  /usr/lib/gcc/avr/4.8.1/../../../avr/lib/avrxmega7/libm.a(sqrt.o)
__fp_powser                                       /usr/lib/gcc/avr/4.8.1/../../../avr/lib/avrxmega7/libm.a(fp_powser.o)
                                                  /usr/lib/gcc/avr/4.8.1/../../../avr/lib/avrxmega7/libm.a(fp_powsodd.o)
                                                  /usr/lib/gcc/avr/4.8.1/../../../avr/lib/avrxmega7/libm.a(fp_arccos.o)
                                                  /usr/lib/gcc/avr/4.8.1/../../../avr/lib/avrxmega7/libm.a(atan.o)
__fp_powsodd                                      /usr/lib/gcc/avr/4.8.1/../../../avr/lib/avrxmega7/libm.a(fp_powsodd.o)
                                                  /usr/lib/gcc/avr/4.8.1/../../../avr/lib/avrxmega7/libm.a(fp_sinus.o)
__fp_pscA                                         /usr/lib/gcc/avr/4.8.1/../../../avr/lib/avrxmega7/libm.a(fp_pscA.o)
                                                  /usr/lib/gcc/avr/4.8.1/../../../avr/lib/avrxmega7/libm.a(mulsf3x.o)
                                                  /usr/lib/gcc/avr/4.8.1/../../../avr/lib/avrxmega7/libm.a(divsf3x.o)
                                                  /usr/lib/gcc/avr/4.8.1/../../../avr/lib/avrxmega7/libm.a(atan2.o)
                                                  /usr/lib/gcc/avr/4.8.1/../../../avr/lib/avrxmega7/libm.a(addsf3x.o)
__fp_pscB                                         /usr/lib/gcc/avr/4.8.1/../../../avr/lib/avrxmega7/libm.a(fp_pscB.o)
                                                  /usr/lib/gcc/avr/4.8.1/../../../avr/lib/avrxmega7/libm.a(mulsf3x.o)
                                                  /usr/lib/gcc/avr/4.8.1/../../../avr/lib/avrxmega7/libm.a(divsf3x.o)
                                                  /usr/lib/gcc/avr/4.8.1/../../../avr/lib/avrxmega7/libm.a(atan2.o)
                                                  /usr/lib/gcc/avr/4.8.1/../../../avr/lib/avrxmega7/libm.a(addsf3x.o)
__fp_rempio2                                      /usr/lib/gcc/avr/4.8.1/../../../avr/lib/avrxmega7/libm.a(fp_rempio2.o)
                                                  /usr/lib/gcc/avr/4.8.1/../../../avr/lib/avrxmega7/libm.a(sin.o)
                                                  /usr/lib/gcc/avr/4.8.1/../../../avr/lib/avrxmega7/libm.a(cos.o)
__fp_round                                        /usr/lib/gcc/avr/4.8.1/../../../avr/lib/avrxmega7/libm.a(fp_round.o)
                                                  /usr/lib/gcc/avr/4.8.1/../../../avr/lib/avrxmega7/libm.a(mulsf3.o)
                                                  /usr/lib/gcc/avr/4.8.1/../../../avr/lib/avrxmega7/libm.a(fp_sinus.o)
                                                  /usr/lib/gcc/avr/4.8.1/../../../avr/lib/avrxmega7/libm.a(fp_arccos.o)
                                                  /usr/lib/gcc/avr/4.8.1/../../../avr/lib/avrxmega7/libm.a(divsf3.o)
                                                  /usr/lib/gcc/avr/4.8.1/../../../avr/lib/avrxmega7/libm.a(atan.o)
                                                  /usr/lib/gcc/avr/4.8.1/../../../avr/lib/avrxmega7/libm.a(atan2.o)
                                                  /usr/lib/gcc/avr/4.8.1/../../../avr/lib/avrxmega7/libm.a(addsf3.o)
                                                  /usr/lib/gcc/avr/4.8.1/../../../avr/lib/avrxmega7/libm.a(acos.o)
__fp_sinus                                        /usr/lib/gcc/avr/4.8.1/../../../avr/lib/avrxmega7/libm.a(fp_sinus.o)
                                                  /usr/lib/gcc/avr/4.8.1/../../../avr/lib/avrxmega7/libm.a(sin.o)
                                                  /usr/lib/gcc/avr/4.8.1/../../../avr/lib/avrxmega7/libm.a(cos.o)
__fp_split3                                       /usr/lib/gcc/avr/4.8.1/../../../avr/lib/avrxmega7/libm.a(fp_split3.o)
                                                  /usr/lib/gcc/avr/4.8.1/../../../avr/lib/avrxmega7/libm.a(mulsf3x.o)
                                                  /usr/lib/gcc/avr/4.8.1/../../../avr/lib/avrxmega7/libm.a(divsf3x.o)
                                                  /usr/lib/gcc/avr/4.8.1/../../../avr/lib/avrxmega7/libm.a(atan2.o)
                                                  /usr/lib/gcc/avr/4.8.1/../../../avr/lib/avrxmega7/libm.a(addsf3x.o)
__fp_splitA                                       /usr/lib/gcc/avr/4.8.1/../../../avr/lib/avrxmega7/libm.a(fp_split3.o)
                                                  /usr/lib/gcc/avr/4.8.1/../../../avr/lib/avrxmega7/libm.a(sqrt.o)
                                                  /usr/lib/gcc/avr/4.8.1/../../../avr/lib/avrxmega7/libm.a(fp_rempio2.o)
                                                  /usr/lib/gcc/avr/4.8.1/../../../avr/lib/avrxmega7/libm.a(fixunssfsi.o)
__fp_szero                                        /usr/lib/gcc/avr/4.8.1/../../../avr/lib/avrxmega7/libm.a(fp_zero.o)
                                                  /usr/lib/gcc/avr/4.8.1/../../../avr/lib/avrxmega7/libm.a(mulsf3x.o)
                                                  /usr/lib/gcc/avr/4.8.1/../../../avr/lib/avrxmega7/libm.a(fixsfsi.o)
                                                  /usr/lib/gcc/avr/4.8.1/../../../avr/lib/avrxmega7/libm.a(divsf3x.o)
__fp_zero                                         /usr/lib/gcc/avr/4.8.1/../../../avr/lib/avrxmega7/libm.a(fp_zero.o)
                                                  /usr/lib/gcc/avr/4.8.1/../../../avr/lib/avrxmega7/libm.a(fixunssfsi.o)
                                                  /usr/lib/gcc/avr/4.8.1/../../../avr/lib/avrxmega7/libm.a(atan2.o)
                                                  /usr/lib/gcc/avr/4.8.1/../../../avr/lib/avrxmega7/libm.a(addsf3x.o)
__gesf2                                           /usr/lib/gcc/avr/4.8.1/../../../avr/lib/avrxmega7/libm.a(gesf2.o)
                                                  build/hexapod.o
__gtsf2                                           /usr/lib/gcc/avr/4.8.1/../../../avr/lib/avrxmega7/libm.a(gesf2.o)
                                                  build/hexapod.o
__heap_end                                        /usr/lib/gcc/avr/4.8.1/../../../avr/lib/avrxmega7/crtx128a1u.o
__init                                            /usr/lib/gcc/avr/4.8.1/../../../avr/lib/avrxmega7/crtx128a1u.o
__itoa_ncheck                                     /usr/lib/gcc/avr/4.8.1/../../../avr/lib/avrxmega7/libc.a(itoa_ncheck.o)
                                                  build/hexapod.o
__lesf2                                           /usr/lib/gcc/avr/4.8.1/../../../avr/lib/avrxmega7/libm.a(cmpsf2.o)
__ltsf2                                           /usr/lib/gcc/avr/4.8.1/../../../avr/lib/avrxmega7/libm.a(cmpsf2.o)
                                                  build/hexapod.o
__mulsf3                                          /usr/lib/gcc/avr/4.8.1/../../../avr/lib/avrxmega7/libm.a(mulsf3.o)
                                                  /usr/lib/gcc/avr/4.8.1/../../../avr/lib/avrxmega7/libc.a(strtod.o)
                                                  /usr/lib/gcc/avr/4.8.1/../../../avr/lib/avrxmega7/libm.a(fp_powsodd.o)
                                                  /usr/lib/gcc/avr/4.8.1/../../../avr/lib/avrxmega7/libm.a(square.o)
                                                  build/hexapod.o
__mulsf3_pse                                      /usr/lib/gcc/avr/4.8.1/../../../avr/lib/avrxmega7/libm.a(mulsf3x.o)
__mulsf3x                                         /usr/lib/gcc/avr/4.8.1/../../../avr/lib/avrxmega7/libm.a(mulsf3x.o)
                                                  /usr/lib/gcc/avr/4.8.1/../../../avr/lib/avrxmega7/libm.a(mulsf3.o)
                                                  /usr/lib/gcc/avr/4.8.1/../../../avr/lib/avrxmega7/libm.a(fp_powser.o)
                                                  /usr/lib/gcc/avr/4.8.1/../../../avr/lib/avrxmega7/libm.a(fp_arccos.o)
                                                  /usr/lib/gcc/avr/4.8.1/../../../avr/lib/avrxmega7/libm.a(atan.o)
__muluhisi3                                       /usr/lib/gcc/avr/4.8.1/avrxmega7/libgcc.a(_muluhisi3.o)
                                                  /usr/lib/gcc/avr/4.8.1/../../../avr/lib/avrxmega7/libc.a(strtod.o)
                                                  build/ff.o
__nesf2                                           /usr/lib/gcc/avr/4.8.1/../../../avr/lib/avrxmega7/libm.a(cmpsf2.o)
                                                  /usr/lib/gcc/avr/4.8.1/../../../avr/lib/avrxmega7/libc.a(strtod.o)
__stack                                           /usr/lib/gcc/avr/4.8.1/../../../avr/lib/avrxmega7/crtx128a1u.o
__subsf3                                          /usr/lib/gcc/avr/4.8.1/../../../avr/lib/avrxmega7/libm.a(addsf3.o)
                                                  /usr/lib/gcc/avr/4.8.1/../../../avr/lib/avrxmega7/libm.a(fp_arccos.o)
                                                  build/hexapod.o
__udivmodhi4                                      /usr/lib/gcc/avr/4.8.1/avrxmega7/libgcc.a(_udivmodhi4.o)
                                                  build/maestro.o
__udivmodsi4                                      /usr/lib/gcc/avr/4.8.1/avrxmega7/libgcc.a(_udivmodsi4.o)
                                                  build/ff.o
__umulhisi3                                       /usr/lib/gcc/avr/4.8.1/avrxmega7/libgcc.a(_umulhisi3.o)
                                                  /usr/lib/gcc/avr/4.8.1/avrxmega7/libgcc.a(_muluhisi3.o)
__utoa_common                                     /usr/lib/gcc/avr/4.8.1/../../../avr/lib/avrxmega7/libc.a(utoa_ncheck.o)
                                                  /usr/lib/gcc/avr/4.8.1/../../../avr/lib/avrxmega7/libc.a(itoa_ncheck.o)
__utoa_ncheck                                     /usr/lib/gcc/avr/4.8.1/../../../avr/lib/avrxmega7/libc.a(utoa_ncheck.o)
__vector_1                                        /usr/lib/gcc/avr/4.8.1/../../../avr/lib/avrxmega7/crtx128a1u.o
__vector_10                                       /usr/lib/gcc/avr/4.8.1/../../../avr/lib/avrxmega7/crtx128a1u.o
__vector_100                                      /usr/lib/gcc/avr/4.8.1/../../../avr/lib/avrxmega7/crtx128a1u.o
__vector_101                                      /usr/lib/gcc/avr/4.8.1/../../../avr/lib/avrxmega7/crtx128a1u.o
__vector_102                                      /usr/lib/gcc/avr/4.8.1/../../../avr/lib/avrxmega7/crtx128a1u.o
__vector_103                                      /usr/lib/gcc/avr/4.8.1/../../../avr/lib/avrxmega7/crtx128a1u.o
__vector_104                                      /usr/lib/gcc/avr/4.8.1/../../../avr/lib/avrxmega7/crtx128a1u.o
__vector_105                                      /usr/lib/gcc/avr/4.8.1/../../../avr/lib/avrxmega7/crtx128a1u.o
__vector_106                                      /usr/lib/gcc/avr/4.8.1/../../../avr/lib/avrxmega7/crtx128a1u.o
__vector_107                                      /usr/lib/gcc/avr/4.8.1/../../../avr/lib/avrxmega7/crtx128a1u.o
__vector_108                                      /usr/lib/gcc/avr/4.8.1/../../../avr/lib/avrxmega7/crtx128a1u.o
__vector_109                                      /usr/lib/gcc/avr/4.8.1/../../../avr/lib/avrxmega7/crtx128a1u.o
__vector_11                                       /usr/lib/gcc/avr/4.8.1/../../../avr/lib/avrxmega7/crtx128a1u.o
__vector_110                                      /usr/lib/gcc/avr/4.8.1/../../../avr/lib/avrxmega7/crtx128a1u.o
__vector_111                                      /usr/lib/gcc/avr/4.8.1/../../../avr/lib/avrxmega7/crtx128a1u.o
__vector_112                                      /usr/lib/gcc/avr/4.8.1/../../../avr/lib/avrxmega7/crtx128a1u.o
__vector_113                                      /usr/lib/gcc/avr/4.8.1/../../../avr/lib/avrxmega7/crtx128a1u.o
__vector_114                                      /usr/lib/gcc/avr/4.8.1/../../../avr/lib/avrxmega7/crtx128a1u.o
__vector_115                                      /usr/lib/gcc/avr/4.8.1/../../../avr/lib/avrxmega7/crtx128a1u.o
__vector_116                                      /usr/lib/gcc/avr/4.8.1/../../../avr/lib/avrxmega7/crtx128a1u.o
__vector_117                                      /usr/lib/gcc/avr/4.8.1/../../../avr/lib/avrxmega7/crtx128a1u.o
__vector_118                                      /usr/lib/gcc/avr/4.8.1/../../../avr/lib/avrxmega7/crtx128a1u.o
__vector_119                                      /usr/lib/gcc/avr/4.8.1/../../../avr/lib/avrxmega7/crtx128a1u.o
__vector_12                                       /usr/lib/gcc/avr/4.8.1/../../../avr/lib/avrxmega7/crtx128a1u.o
__vector_120                                      /usr/lib/gcc/avr/4.8.1/../../../avr/lib/avrxmega7/crtx128a1u.o
__vector_121                                      /usr/lib/gcc/avr/4.8.1/../../../avr/lib/avrxmega7/crtx128a1u.o
__vector_122                                      /usr/lib/gcc/avr/4.8.1/../../../avr/lib/avrxmega7/crtx128a1u.o
__vector_123                                      /usr/lib/gcc/avr/4.8.1/../../../avr/lib/avrxmega7/crtx128a1u.o
__vector_124                                      /usr/lib/gcc/avr/4.8.1/../../../avr/lib/avrxmega7/crtx128a1u.o
__vector_125                                      /usr/lib/gcc/avr/4.8.1/../../../avr/lib/avrxmega7/crtx128a1u.o
__vector_126                                      /usr/lib/gcc/avr/4.8.1/../../../avr/lib/avrxmega7/crtx128a1u.o
__vector_13                                       /usr/lib/gcc/avr/4.8.1/../../../avr/lib/avrxmega7/crtx128a1u.o
__vector_14                                       build/hexapod.o
                                                  /usr/lib/gcc/avr/4.8.1/../../../avr/lib/avrxmega7/crtx128a1u.o
__vector_15                                       /usr/lib/gcc/avr/4.8.1/../../../avr/lib/avrxmega7/crtx128a1u.o
__vector_16                                       /usr/lib/gcc/avr/4.8.1/../../../avr/lib/avrxmega7/crtx128a1u.o
__vector_17                                       /usr/lib/gcc/avr/4.8.1/../../../avr/lib/avrxmega7/crtx128a1u.o
__vector_18                                       /usr/lib/gcc/avr/4.8.1/../../../avr/lib/avrxmega7/crtx128a1u.o
__vector_19                                       /usr/lib/gcc/avr/4.8.1/../../../avr/lib/avrxmega7/crtx128a1u.o
__vector_2                                        /usr/lib/gcc/avr/4.8.1/../../../avr/lib/avrxmega7/crtx128a1u.o
__vector_20                                       /usr/lib/gcc/avr/4.8.1/../../../avr/lib/avrxmega7/crtx128a1u.o
__vector_21                                       /usr/lib/gcc/avr/4.8.1/../../../avr/lib/avrxmega7/crtx128a1u.o
__vector_22                                       /usr/lib/gcc/avr/4.8.1/../../../avr/lib/avrxmega7/crtx128a1u.o
__vector_23                                       /usr/lib/gcc/avr/4.8.1/../../../avr/lib/avrxmega7/crtx128a1u.o
__vector_24                                       /usr/lib/gcc/avr/4.8.1/../../../avr/lib/avrxmega7/crtx128a1u.o
__vector_25                                       /usr/lib/gcc/avr/4.8.1/../../../avr/lib/avrxmega7/crtx128a1u.o
__vector_26                                       /usr/lib/gcc/avr/4.8.1/../../../avr/lib/avrxmega7/crtx128a1u.o
__vector_27                                       /usr/lib/gcc/avr/4.8.1/../../../avr/lib/avrxmega7/crtx128a1u.o
__vector_28                                       /usr/lib/gcc/avr/4.8.1/../../../avr/lib/avrxmega7/crtx128a1u.o
__vector_29                                       /usr/lib/gcc/avr/4.8.1/../../../avr/lib/avrxmega7/crtx128a1u.o
__vector_3                                        /usr/lib/gcc/avr/4.8.1/../../../avr/lib/avrxmega7/crtx128a1u.o
__vector_30                                       /usr/lib/gcc/avr/4.8.1/../../../avr/lib/avrxmega7/crtx128a1u.o
__vector_31                                       /usr/lib/gcc/avr/4.8.1/../../../avr/lib/avrxmega7/crtx128a1u.o
__vector_32                                       /usr/lib/gcc/avr/4.8.1/../../../avr/lib/avrxmega7/crtx128a1u.o
__vector_33                                       /usr/lib/gcc/avr/4.8.1/../../../avr/lib/avrxmega7/crtx128a1u.o
__vector_34                                       /usr/lib/gcc/avr/4.8.1/../../../avr/lib/avrxmega7/crtx128a1u.o
__vector_35                                       /usr/lib/gcc/avr/4.8.1/../../../avr/lib/avrxmega7/crtx128a1u.o
__vector_36                                       /usr/lib/gcc/avr/4.8.1/../../../avr/lib/avrxmega7/crtx128a1u.o
__vector_37                                       /usr/lib/gcc/avr/4.8.1/../../../avr/lib/avrxmega7/crtx128a1u.o
__vector_38                                       /usr/lib/gcc/avr/4.8.1/../../../avr/lib/avrxmega7/crtx128a1u.o
__vector_39                                       /usr/lib/gcc/avr/4.8.1/../../../avr/lib/avrxmega7/crtx128a1u.o
__vector_4                                        /usr/lib/gcc/avr/4.8.1/../../../avr/lib/avrxmega7/crtx128a1u.o
__vector_40                                       /usr/lib/gcc/avr/4.8.1/../../../avr/lib/avrxmega7/crtx128a1u.o
__vector_41                                       /usr/lib/gcc/avr/4.8.1/../../../avr/lib/avrxmega7/crtx128a1u.o
__vector_42                                       /usr/lib/gcc/avr/4.8.1/../../../avr/lib/avrxmega7/crtx128a1u.o
__vector_43                                       /usr/lib/gcc/avr/4.8.1/../../../avr/lib/avrxmega7/crtx128a1u.o
__vector_44                                       /usr/lib/gcc/avr/4.8.1/../../../avr/lib/avrxmega7/crtx128a1u.o
__vector_45                                       /usr/lib/gcc/avr/4.8.1/../../../avr/lib/avrxmega7/crtx128a1u.o
__vector_46                                       /usr/lib/gcc/avr/4.8.1/../../../avr/lib/avrxmega7/crtx128a1u.o
__vector_47                                       /usr/lib/gcc/avr/4.8.1/../../../avr/lib/avrxmega7/crtx128a1u.o
__vector_48                                       /usr/lib/gcc/avr/4.8.1/../../../avr/lib/avrxmega7/crtx128a1u.o
__vector_49                                       /usr/lib/gcc/avr/4.8.1/../../../avr/lib/avrxmega7/crtx128a1u.o
__vector_5                                        /usr/lib/gcc/avr/4.8.1/../../../avr/lib/avrxmega7/crtx128a1u.o
__vector_50                                       /usr/lib/gcc/avr/4.8.1/../../../avr/lib/avrxmega7/crtx128a1u.o
__vector_51                                       /usr/lib/gcc/avr/4.8.1/../../../avr/lib/avrxmega7/crtx128a1u.o
__vector_52                                       /usr/lib/gcc/avr/4.8.1/../../../avr/lib/avrxmega7/crtx128a1u.o
__vector_53                                       /usr/lib/gcc/avr/4.8.1/../../../avr/lib/avrxmega7/crtx128a1u.o
__vector_54                                       /usr/lib/gcc/avr/4.8.1/../../../avr/lib/avrxmega7/crtx128a1u.o
__vector_55                                       /usr/lib/gcc/avr/4.8.1/../../../avr/lib/avrxmega7/crtx128a1u.o
__vector_56                                       /usr/lib/gcc/avr/4.8.1/../../../avr/lib/avrxmega7/crtx128a1u.o
__vector_57                                       /usr/lib/gcc/avr/4.8.1/../../../avr/lib/avrxmega7/crtx128a1u.o
__vector_58                                       /usr/lib/gcc/avr/4.8.1/../../../avr/lib/avrxmega7/crtx128a1u.o
__vector_59                                       /usr/lib/gcc/avr/4.8.1/../../../avr/lib/avrxmega7/crtx128a1u.o
__vector_6                                        /usr/lib/gcc/avr/4.8.1/../../../avr/lib/avrxmega7/crtx128a1u.o
__vector_60                                       /usr/lib/gcc/avr/4.8.1/../../../avr/lib/avrxmega7/crtx128a1u.o
__vector_61                                       build/hexapod.o
                                                  /usr/lib/gcc/avr/4.8.1/../../../avr/lib/avrxmega7/crtx128a1u.o
__vector_62                                       /usr/lib/gcc/avr/4.8.1/../../../avr/lib/avrxmega7/crtx128a1u.o
__vector_63                                       /usr/lib/gcc/avr/4.8.1/../../../avr/lib/avrxmega7/crtx128a1u.o
__vector_64                                       /usr/lib/gcc/avr/4.8.1/../../../avr/lib/avrxmega7/crtx128a1u.o
__vector_65                                       /usr/lib/gcc/avr/4.8.1/../../../avr/lib/avrxmega7/crtx128a1u.o
__vector_66                                       /usr/lib/gcc/avr/4.8.1/../../../avr/lib/avrxmega7/crtx128a1u.o
__vector_67                                       /usr/lib/gcc/avr/4.8.1/../../../avr/lib/avrxmega7/crtx128a1u.o
__vector_68                                       /usr/lib/gcc/avr/4.8.1/../../../avr/lib/avrxmega7/crtx128a1u.o
__vector_69                                       /usr/lib/gcc/avr/4.8.1/../../../avr/lib/avrxmega7/crtx128a1u.o
__vector_7                                        /usr/lib/gcc/avr/4.8.1/../../../avr/lib/avrxmega7/crtx128a1u.o
__vector_70                                       /usr/lib/gcc/avr/4.8.1/../../../avr/lib/avrxmega7/crtx128a1u.o
__vector_71                                       /usr/lib/gcc/avr/4.8.1/../../../avr/lib/avrxmega7/crtx128a1u.o
__vector_72                                       /usr/lib/gcc/avr/4.8.1/../../../avr/lib/avrxmega7/crtx128a1u.o
__vector_73                                       /usr/lib/gcc/avr/4.8.1/../../../avr/lib/avrxmega7/crtx128a1u.o
__vector_74                                       /usr/lib/gcc/avr/4.8.1/../../../avr/lib/avrxmega7/crtx128a1u.o
__vector_75                                       /usr/lib/gcc/avr/4.8.1/../../../avr/lib/avrxmega7/crtx128a1u.o
__vector_76                                       /usr/lib/gcc/avr/4.8.1/../../../avr/lib/avrxmega7/crtx128a1u.o
__vector_77                                       /usr/lib/gcc/avr/4.8.1/../../../avr/lib/avrxmega7/crtx128a1u.o
__vector_78                                       /usr/lib/gcc/avr/4.8.1/../../../avr/lib/avrxmega7/crtx128a1u.o
__vector_79                                       /usr/lib/gcc/avr/4.8.1/../../../avr/lib/avrxmega7/crtx128a1u.o
__vector_8                                        /usr/lib/gcc/avr/4.8.1/../../../avr/lib/avrxmega7/crtx128a1u.o
__vector_80                                       /usr/lib/gcc/avr/4.8.1/../../../avr/lib/avrxmega7/crtx128a1u.o
__vector_81                                       /usr/lib/gcc/avr/4.8.1/../../../avr/lib/avrxmega7/crtx128a1u.o
__vector_82                                       /usr/lib/gcc/avr/4.8.1/../../../avr/lib/avrxmega7/crtx128a1u.o
__vector_83                                       /usr/lib/gcc/avr/4.8.1/../../../avr/lib/avrxmega7/crtx128a1u.o
__vector_84                                       /usr/lib/gcc/avr/4.8.1/../../../avr/lib/avrxmega7/crtx128a1u.o
__vector_85                                       /usr/lib/gcc/avr/4.8.1/../../../avr/lib/avrxmega7/crtx128a1u.o
__vector_86                                       /usr/lib/gcc/avr/4.8.1/../../../avr/lib/avrxmega7/crtx128a1u.o
__vector_87                                       /usr/lib/gcc/avr/4.8.1/../../../avr/lib/avrxmega7/crtx128a1u.o
__vector_88                                       /usr/lib/gcc/avr/4.8.1/../../../avr/lib/avrxmega7/crtx128a1u.o
__vector_89                                       /usr/lib/gcc/avr/4.8.1/../../../avr/lib/avrxmega7/crtx128a1u.o
__vector_9                                        /usr/lib/gcc/avr/4.8.1/../../../avr/lib/avrxmega7/crtx128a1u.o
__vector_90                                       /usr/lib/gcc/avr/4.8.1/../../../avr/lib/avrxmega7/crtx128a1u.o
__vector_91                                       /usr/lib/gcc/avr/4.8.1/../../../avr/lib/avrxmega7/crtx128a1u.o
__vector_92                                       /usr/lib/gcc/avr/4.8.1/../../../avr/lib/avrxmega7/crtx128a1u.o
__vector_93                                       /usr/lib/gcc/avr/4.8.1/../../../avr/lib/avrxmega7/crtx128a1u.o
__vector_94                                       /usr/lib/gcc/avr/4.8.1/../../../avr/lib/avrxmega7/crtx128a1u.o
__vector_95                                       /usr/lib/gcc/avr/4.8.1/../../../avr/lib/avrxmega7/crtx128a1u.o
__vector_96                                       /usr/lib/gcc/avr/4.8.1/../../../avr/lib/avrxmega7/crtx128a1u.o
__vector_97                                       /usr/lib/gcc/avr/4.8.1/../../../avr/lib/avrxmega7/crtx128a1u.o
__vector_98                                       /usr/lib/gcc/avr/4.8.1/../../../avr/lib/avrxmega7/crtx128a1u.o
__vector_99                                       /usr/lib/gcc/avr/4.8.1/../../../avr/lib/avrxmega7/crtx128a1u.o
__vector_default                                  /usr/lib/gcc/avr/4.8.1/../../../avr/lib/avrxmega7/crtx128a1u.o
__vectors                                         /usr/lib/gcc/avr/4.8.1/../../../avr/lib/avrxmega7/crtx128a1u.o
_exit                                             /usr/lib/gcc/avr/4.8.1/avrxmega7/libgcc.a(_exit.o)
acos                                              /usr/lib/gcc/avr/4.8.1/../../../avr/lib/avrxmega7/libm.a(acos.o)
                                                  build/hexapod.o
aitick                                            build/hexapod.o
at_home_position                                  build/hexapod.o
atan                                              /usr/lib/gcc/avr/4.8.1/../../../avr/lib/avrxmega7/libm.a(atan.o)
                                                  /usr/lib/gcc/avr/4.8.1/../../../avr/lib/avrxmega7/libm.a(atan2.o)
atan2                                             /usr/lib/gcc/avr/4.8.1/../../../avr/lib/avrxmega7/libm.a(atan2.o)
                                                  build/hexapod.o
atof                                              /usr/lib/gcc/avr/4.8.1/../../../avr/lib/avrxmega7/libc.a(atof.o)
                                                  build/hexapod.o
buffer_complete                                   build/hexapod.o
calc_ik                                           build/hexapod.o
clust2sect                                        build/ff.o
controller                                        build/hexapod.o
controller_struct                                 build/hexapod.o
cos                                               /usr/lib/gcc/avr/4.8.1/../../../avr/lib/avrxmega7/libm.a(cos.o)
                                                  build/hexapod.o
deselect                                          build/ps2controller.o
disable_leg                                       build/hexapod.o
disk_initialize                                   build/sdmm.o
                                                  build/ff.o
disk_ioctl                                        build/sdmm.o
                                                  build/ff.o
disk_read                                         build/sdmm.o
                                                  build/ff.o
disk_status                                       build/sdmm.o
                                                  build/ff.o
disk_write                                        build/sdmm.o
                                                  build/ff.o
do_tick                                           build/hexapod.o
errno                                             /usr/lib/gcc/avr/4.8.1/../../../avr/lib/avrxmega7/libc.a(errno.o)
                                                  /usr/lib/gcc/avr/4.8.1/../../../avr/lib/avrxmega7/libc.a(strtod.o)
exit                                              /usr/lib/gcc/avr/4.8.1/avrxmega7/libgcc.a(_exit.o)
                                                  /usr/lib/gcc/avr/4.8.1/../../../avr/lib/avrxmega7/crtx128a1u.o
f_chmod                                           build/ff.o
f_close                                           build/ff.o
f_closedir                                        build/ff.o
f_getfree                                         build/ff.o
f_gets                                            build/ff.o
                                                  build/ini.o
f_lseek                                           build/ff.o
f_mkdir                                           build/ff.o
f_mount                                           build/ff.o
f_open                                            build/ff.o
f_opendir                                         build/ff.o
f_printf                                          build/ff.o
f_putc                                            build/ff.o
f_puts                                            build/ff.o
f_read                                            build/ff.o
f_readdir                                         build/ff.o
f_rename                                          build/ff.o
f_stat                                            build/ff.o
f_sync                                            build/ff.o
f_truncate                                        build/ff.o
f_unlink                                          build/ff.o
f_utime                                           build/ff.o
f_write                                           build/ff.o
fast                                              build/hexapod.o
floodlights                                       build/hexapod.o
fmax                                              /usr/lib/gcc/avr/4.8.1/../../../avr/lib/avrxmega7/libm.a(fmax.o)
                                                  build/hexapod.o
g_half_step                                       build/hexapod.o
get_fat                                           build/ff.o
get_fattime                                       build/ff.o
home                                              build/hexapod.o
home_position                                     build/hexapod.o
index                                             build/hexapod.o
ini_parse_file                                    build/ini.o
inverse                                           /usr/lib/gcc/avr/4.8.1/../../../avr/lib/avrxmega7/libm.a(inverse.o)
                                                  /usr/lib/gcc/avr/4.8.1/../../../avr/lib/avrxmega7/libm.a(atan.o)
isspace                                           /usr/lib/gcc/avr/4.8.1/../../../avr/lib/avrxmega7/libc.a(isspace.o)
                                                  /usr/lib/gcc/avr/4.8.1/../../../avr/lib/avrxmega7/libc.a(strtod.o)
                                                  build/ini.o
lcd_clrscr                                        build/lcd.o
                                                  build/hexapod.o
lcd_command                                       build/lcd.o
lcd_data                                          build/lcd.o
lcd_getxy                                         build/lcd.o
lcd_gotoxy                                        build/lcd.o
                                                  build/hexapod.o
lcd_home                                          build/lcd.o
lcd_init                                          build/lcd.o
                                                  build/hexapod.o
lcd_putc                                          build/lcd.o
lcd_puts                                          build/lcd.o
                                                  build/hexapod.o
lcd_puts_p                                        build/lcd.o
legs                                              build/hexapod.o
limit                                             build/hexapod.o
look                                              build/hexapod.o
maestro_acceleration                              build/maestro.o
maestro_init                                      build/maestro.o
                                                  build/hexapod.o
maestro_position                                  build/maestro.o
                                                  build/hexapod.o
maestro_position_time                             build/maestro.o
maestro_rst                                       build/hexapod.o
                                                  build/maestro.o
maestro_rxd                                       build/hexapod.o
maestro_txd                                       build/hexapod.o
                                                  build/maestro.o
maestro_velocity                                  build/maestro.o
main                                              build/hexapod.o
                                                  /usr/lib/gcc/avr/4.8.1/../../../avr/lib/avrxmega7/crtx128a1u.o
negative                                          build/hexapod.o
new_step                                          build/hexapod.o
new_walk                                          build/hexapod.o
offset                                            build/hexapod.o
offset_x                                          build/hexapod.o
offset_y                                          build/hexapod.o
positive                                          build/hexapod.o
progress                                          build/hexapod.o
ps2_init_analog_mode                              build/ps2controller.o
                                                  build/hexapod.o
ps2_read_controller                               build/ps2controller.o
                                                  build/hexapod.o
ps2_txrx                                          build/ps2controller.o
put_fat                                           build/ff.o
remote                                            build/hexapod.o
reselect                                          build/ps2controller.o
reset_walk                                        build/hexapod.o
select                                            build/ps2controller.o
servo_positions                                   build/maestro.o
setClockTo32MHz                                   build/hexapod.o
setup                                             build/hexapod.o
sin                                               /usr/lib/gcc/avr/4.8.1/../../../avr/lib/avrxmega7/libm.a(sin.o)
                                                  build/hexapod.o
sqrt                                              /usr/lib/gcc/avr/4.8.1/../../../avr/lib/avrxmega7/libm.a(sqrt.o)
                                                  /usr/lib/gcc/avr/4.8.1/../../../avr/lib/avrxmega7/libm.a(fp_arccos.o)
                                                  build/hexapod.o
square                                            /usr/lib/gcc/avr/4.8.1/../../../avr/lib/avrxmega7/libm.a(square.o)
                                                  /usr/lib/gcc/avr/4.8.1/../../../avr/lib/avrxmega7/libm.a(atan.o)
step_partial                                      build/hexapod.o
stepl                                             build/hexapod.o
steppair                                          build/hexapod.o
stepr                                             build/hexapod.o
strcmp                                            /usr/lib/gcc/avr/4.8.1/../../../avr/lib/avrxmega7/libc.a(strcmp.o)
                                                  build/hexapod.o
strncasecmp_P                                     /usr/lib/gcc/avr/4.8.1/../../../avr/lib/avrxmega7/libc.a(strncasecmp_P.o)
                                                  /usr/lib/gcc/avr/4.8.1/../../../avr/lib/avrxmega7/libc.a(strtod.o)
strncpy                                           /usr/lib/gcc/avr/4.8.1/../../../avr/lib/avrxmega7/libc.a(strncpy.o)
                                                  build/ini.o
strrev                                            /usr/lib/gcc/avr/4.8.1/../../../avr/lib/avrxmega7/libc.a(strrev.o)
                                                  /usr/lib/gcc/avr/4.8.1/../../../avr/lib/avrxmega7/libc.a(utoa_ncheck.o)
strtod                                            /usr/lib/gcc/avr/4.8.1/../../../avr/lib/avrxmega7/libc.a(strtod.o)
                                                  /usr/lib/gcc/avr/4.8.1/../../../avr/lib/avrxmega7/libc.a(atof.o)
strtok                                            /usr/lib/gcc/avr/4.8.1/../../../avr/lib/avrxmega7/libc.a(strtok.o)
                                                  build/hexapod.o
strtok_r                                          /usr/lib/gcc/avr/4.8.1/../../../avr/lib/avrxmega7/libc.a(strtok_r.o)
                                                  /usr/lib/gcc/avr/4.8.1/../../../avr/lib/avrxmega7/libc.a(strtok.o)
t1                                                build/hexapod.o
t2                                                build/hexapod.o
ticks                                             build/hexapod.o
translate_angle                                   build/hexapod.o
translate_x                                       build/hexapod.o
translate_y                                       build/hexapod.o
turn                                              build/hexapod.o
turn_partial                                      build/hexapod.o
update                                            build/hexapod.o
usart_buffer                                      build/hexapod.o
usart_send                                        build/hexapod.o
walk                                              build/hexapod.o
walk_ccw                                          build/walkpatterns.o
                                                  build/hexapod.o
walk_cw                                           build/walkpatterns.o
                                                  build/hexapod.o
walk_forw                                         build/walkpatterns.o
                                                  build/hexapod.o
walk_forw2                                        build/walkpatterns.o
                                                  build/hexapod.o
walk_revs                                         build/walkpatterns.o
                                                  build/hexapod.o
walk_revs2                                        build/walkpatterns.o
                                                  build/hexapod.o
walkpattern                                       build/hexapod.o
